conformer tier M: 294,246 params | device cuda | train 10733 test 4443 | aug heavy
ep   1 loss 3.9934 test select 0.0548 var-bal-acc 0.0559 real 0.0537 cmd 0.0790 slot 0.3507 oosFA 0.579 18.6s *
ep   2 loss 3.8352 test select 0.0810 var-bal-acc 0.0903 real 0.0716 cmd 0.2321 slot 0.3849 oosFA 0.882 16.3s *
ep   3 loss 3.5577 test select 0.2613 var-bal-acc 0.2389 real 0.2837 cmd 0.3669 slot 0.6139 oosFA 0.947 16.3s *
ep   4 loss 3.1725 test select 0.4486 var-bal-acc 0.4969 real 0.4003 cmd 0.6174 slot 0.7660 oosFA 0.868 16.1s *
ep   5 loss 2.8902 test select 0.5802 var-bal-acc 0.6124 real 0.5480 cmd 0.6921 slot 0.8353 oosFA 0.934 16.7s *
ep   6 loss 2.6728 test select 0.6644 var-bal-acc 0.7435 real 0.5853 cmd 0.7855 slot 0.9165 oosFA 0.684 16.7s *
ep   7 loss 2.5248 test select 0.6632 var-bal-acc 0.7445 real 0.5820 cmd 0.7752 slot 0.9381 oosFA 0.671 17.6s
ep   8 loss 2.3749 test select 0.7063 var-bal-acc 0.7853 real 0.6272 cmd 0.8112 slot 0.9425 oosFA 0.816 16.7s *
ep   9 loss 2.2968 test select 0.7523 var-bal-acc 0.8394 real 0.6651 cmd 0.8564 slot 0.9622 oosFA 0.539 16.5s *
ep  10 loss 2.2004 test select 0.7707 var-bal-acc 0.8514 real 0.6900 cmd 0.8656 slot 0.9638 oosFA 0.513 17.1s *
ep  11 loss 2.1369 test select 0.7799 var-bal-acc 0.8604 real 0.6993 cmd 0.8710 slot 0.9728 oosFA 0.605 16.8s *
ep  12 loss 2.1254 test select 0.7913 var-bal-acc 0.8628 real 0.7199 cmd 0.8758 slot 0.9645 oosFA 0.368 16.6s *
ep  13 loss 2.0550 test select 0.8066 var-bal-acc 0.8800 real 0.7332 cmd 0.8942 slot 0.9645 oosFA 0.474 16.7s *
ep  14 loss 1.9832 test select 0.8018 var-bal-acc 0.8708 real 0.7328 cmd 0.8852 slot 0.9661 oosFA 0.566 16.2s
ep  15 loss 1.9427 test select 0.8363 var-bal-acc 0.9073 real 0.7653 cmd 0.9149 slot 0.9787 oosFA 0.605 16.5s *
ep  16 loss 1.9188 test select 0.8351 var-bal-acc 0.9035 real 0.7666 cmd 0.9086 slot 0.9803 oosFA 0.579 16.4s
ep  17 loss 1.8858 test select 0.8343 var-bal-acc 0.9108 real 0.7579 cmd 0.9169 slot 0.9838 oosFA 0.382 16.8s
ep  18 loss 1.8778 test select 0.8275 var-bal-acc 0.9103 real 0.7448 cmd 0.9165 slot 0.9815 oosFA 0.513 16.7s
ep  19 loss 1.8295 test select 0.8416 var-bal-acc 0.9075 real 0.7757 cmd 0.9115 slot 0.9866 oosFA 0.303 16.4s *
ep  20 loss 1.8026 test select 0.8383 var-bal-acc 0.9223 real 0.7543 cmd 0.9251 slot 0.9870 oosFA 0.579 16.5s
ep  21 loss 1.7740 test select 0.8437 var-bal-acc 0.9215 real 0.7659 cmd 0.9253 slot 0.9846 oosFA 0.500 16.3s *
ep  22 loss 1.7483 test select 0.8469 var-bal-acc 0.9303 real 0.7634 cmd 0.9332 slot 0.9882 oosFA 0.487 16.3s *
ep  23 loss 1.7186 test select 0.8573 var-bal-acc 0.9246 real 0.7899 cmd 0.9242 slot 0.9913 oosFA 0.579 17.2s *
ep  24 loss 1.7255 test select 0.8583 var-bal-acc 0.9296 real 0.7870 cmd 0.9323 slot 0.9890 oosFA 0.289 16.4s *
ep  25 loss 1.6983 test select 0.8535 var-bal-acc 0.9245 real 0.7826 cmd 0.9282 slot 0.9890 oosFA 0.434 16.7s
ep  26 loss 1.6822 test select 0.8538 var-bal-acc 0.9345 real 0.7731 cmd 0.9392 slot 0.9854 oosFA 0.408 17.0s
ep  27 loss 1.6475 test select 0.8551 var-bal-acc 0.9302 real 0.7800 cmd 0.9323 slot 0.9890 oosFA 0.500 16.5s
ep  28 loss 1.6478 test select 0.8758 var-bal-acc 0.9362 real 0.8154 cmd 0.9381 slot 0.9905 oosFA 0.395 16.5s *
ep  29 loss 1.5939 test select 0.8812 var-bal-acc 0.9455 real 0.8169 cmd 0.9476 slot 0.9909 oosFA 0.289 16.3s *
ep  30 loss 1.5940 test select 0.8951 var-bal-acc 0.9479 real 0.8424 cmd 0.9476 slot 0.9929 oosFA 0.513 15.9s *
ep  31 loss 1.5898 test select 0.8653 var-bal-acc 0.9388 real 0.7918 cmd 0.9408 slot 0.9898 oosFA 0.579 16.2s
ep  32 loss 1.5839 test select 0.8986 var-bal-acc 0.9511 real 0.8462 cmd 0.9507 slot 0.9957 oosFA 0.447 16.5s *
ep  33 loss 1.5545 test select 0.8881 var-bal-acc 0.9498 real 0.8264 cmd 0.9505 slot 0.9929 oosFA 0.461 15.9s
ep  34 loss 1.5052 test select 0.8906 var-bal-acc 0.9474 real 0.8339 cmd 0.9476 slot 0.9929 oosFA 0.566 16.8s
ep  35 loss 1.5177 test select 0.8941 var-bal-acc 0.9475 real 0.8406 cmd 0.9489 slot 0.9909 oosFA 0.500 16.8s
ep  36 loss 1.4982 test select 0.8880 var-bal-acc 0.9511 real 0.8249 cmd 0.9521 slot 0.9929 oosFA 0.382 16.6s
ep  37 loss 1.4920 test select 0.8861 var-bal-acc 0.9497 real 0.8224 cmd 0.9491 slot 0.9957 oosFA 0.408 16.5s
stop: early_stop: train loss gain 0.876% < 2% over 3 epochs and test score 0.8861 < best 0.8986 (epoch 32) and < 0.8906 (3 epochs ago)
