ds_cnn {'width': 64} params=25730
train clips 27942 (+9958 pack rows); packs: [(9180, 96000), (778, 96000)]
tune: 1286 positive clips (49 real), negative stream 1.79 h (25703 windows)
/home/docquityadmin/vcm-me2/scripts/train_wake.py:403: UserWarning: Detected call of `lr_scheduler.step()` before `optimizer.step()`. In PyTorch 1.1.0 and later, you should call them in the opposite order: `optimizer.step()` before `lr_scheduler.step()`.  Failure to do this will result in PyTorch skipping the first value of the learning rate schedule. See more details at https://pytorch.org/docs/stable/optim.html#how-to-adjust-learning-rate
  sched.step()
resumed weights from best.pt (epoch 3); optimizer state starts fresh; best score is re-measured on the current tune set
{"epoch": 4, "loss": 0.3504317342241605, "score": 0.2999878995143936, "at_threshold": 0.997, "at_fa_per_hour": 0.560134394912486, "at_recall_clean": 0.19129082426127528, "at_recall_clean_real": 0.6326530612244898, "at_recall_channel": 0.030326594090202177, "at_recall_channel_real": 0.30612244897959184, "train_sec": 35.5, "eval_sec": 7.7}
{"epoch": 5, "loss": 0.3282575116554896, "score": 0.1030832434062272, "at_threshold": 0.998, "at_fa_per_hour": 0.560134394912486, "at_recall_clean": 0.20139968895800933, "at_recall_clean_real": 0.1836734693877551, "at_recall_channel": 0.01866251944012442, "at_recall_channel_real": 0.061224489795918366, "train_sec": 36.9, "eval_sec": 4.5}
{"epoch": 6, "loss": 0.3104465838770072, "score": 0.19167764306344623, "at_threshold": 0.999, "at_fa_per_hour": 0.560134394912486, "at_recall_clean": 0.07776049766718507, "at_recall_clean_real": 0.20408163265306123, "at_recall_channel": 0.005443234836702955, "at_recall_channel_real": 0.061224489795918366, "train_sec": 34.9, "eval_sec": 4.5}
{"epoch": 7, "loss": 0.3028119320174058, "score": 0.363979631510458, "at_threshold": 0.997, "at_fa_per_hour": 0.0, "at_recall_clean": 0.20762052877138415, "at_recall_clean_real": 0.30612244897959184, "at_recall_channel": 0.028771384136858476, "at_recall_channel_real": 0.2653061224489796, "train_sec": 34.9, "eval_sec": 4.2}
{"epoch": 8, "loss": 0.29355723400910694, "score": 0.29895737455168697, "at_threshold": 0.988, "at_fa_per_hour": 0.560134394912486, "at_recall_clean": 0.20917573872472783, "at_recall_clean_real": 0.5306122448979592, "at_recall_channel": 0.04121306376360809, "at_recall_channel_real": 0.30612244897959184, "train_sec": 36.0, "eval_sec": 4.2}
{"epoch": 9, "loss": 0.2870459789037704, "score": 0.4652765655251214, "at_threshold": 0.997, "at_fa_per_hour": 0.560134394912486, "at_recall_clean": 0.4735614307931571, "at_recall_clean_real": 0.7346938775510204, "at_recall_channel": 0.12519440124416797, "at_recall_channel_real": 0.46938775510204084, "train_sec": 35.7, "eval_sec": 4.2}
{"epoch": 10, "loss": 0.2811111876865228, "score": 0.33666824039102416, "at_threshold": 0.998, "at_fa_per_hour": 0.560134394912486, "at_recall_clean": 0.18662519440124417, "at_recall_clean_real": 0.5714285714285714, "at_recall_channel": 0.027993779160186624, "at_recall_channel_real": 0.22448979591836735, "train_sec": 35.6, "eval_sec": 4.2}
{"epoch": 11, "loss": 0.2747110408047835, "score": 0.38013080426571877, "at_threshold": 0.997, "at_fa_per_hour": 0.560134394912486, "at_recall_clean": 0.3786936236391913, "at_recall_clean_real": 0.42857142857142855, "at_recall_channel": 0.09097978227060653, "at_recall_channel_real": 0.3877551020408163, "train_sec": 36.5, "eval_sec": 4.3}
{"epoch": 12, "loss": 0.27085904181003573, "score": 0.35558467166026597, "at_threshold": 1.0, "at_fa_per_hour": 0.560134394912486, "at_recall_clean": 0.2978227060653188, "at_recall_clean_real": 0.7346938775510204, "at_recall_channel": 0.06298600311041991, "at_recall_channel_real": 0.40816326530612246, "train_sec": 36.1, "eval_sec": 4.2}
{"epoch": 13, "loss": 0.26558367917935055, "score": 0.461503594439331, "at_threshold": 0.997, "at_fa_per_hour": 0.560134394912486, "at_recall_clean": 0.26127527216174184, "at_recall_clean_real": 0.7551020408163265, "at_recall_channel": 0.08553654743390357, "at_recall_channel_real": 0.46938775510204084, "train_sec": 35.5, "eval_sec": 4.3}
{"epoch": 14, "loss": 0.2610700227320194, "score": 0.5629433538578729, "at_threshold": 0.988, "at_fa_per_hour": 0.560134394912486, "at_recall_clean": 0.6430793157076206, "at_recall_clean_real": 0.8571428571428571, "at_recall_channel": 0.24261275272161742, "at_recall_channel_real": 0.5714285714285714, "train_sec": 37.1, "eval_sec": 4.3}
{"epoch": 15, "loss": 0.26086743344863256, "score": 0.4718296727711302, "at_threshold": 0.988, "at_fa_per_hour": 0.560134394912486, "at_recall_clean": 0.322706065318818, "at_recall_clean_real": 0.8163265306122449, "at_recall_channel": 0.1321928460342146, "at_recall_channel_real": 0.5306122448979592, "train_sec": 35.8, "eval_sec": 4.2}
{"epoch": 16, "loss": 0.2556837109227975, "score": 0.34196170692227124, "at_threshold": 0.997, "at_fa_per_hour": 0.560134394912486, "at_recall_clean": 0.18584758942457233, "at_recall_clean_real": 0.6122448979591837, "at_recall_channel": 0.04665629860031104, "at_recall_channel_real": 0.3673469387755102, "train_sec": 36.4, "eval_sec": 4.3}
{"epoch": 17, "loss": 0.25057029982407886, "score": 0.32020166153553176, "at_threshold": 0.999, "at_fa_per_hour": 0.560134394912486, "at_recall_clean": 0.2192846034214619, "at_recall_clean_real": 0.22448979591836735, "at_recall_channel": 0.049766718506998445, "at_recall_channel_real": 0.22448979591836735, "train_sec": 36.7, "eval_sec": 4.4}
{"epoch": 18, "loss": 0.2523860175907612, "score": 0.45540871869743227, "at_threshold": 0.999, "at_fa_per_hour": 0.0, "at_recall_clean": 0.2558320373250389, "at_recall_clean_real": 0.6326530612244898, "at_recall_channel": 0.05909797822706065, "at_recall_channel_real": 0.42857142857142855, "train_sec": 36.4, "eval_sec": 4.2}
{"epoch": 19, "loss": 0.24507036020358403, "score": 0.4867043434792268, "at_threshold": 0.999, "at_fa_per_hour": 0.560134394912486, "at_recall_clean": 0.25660964230171074, "at_recall_clean_real": 0.6530612244897959, "at_recall_channel": 0.08242612752721618, "at_recall_channel_real": 0.3877551020408163, "train_sec": 37.2, "eval_sec": 4.3}
{"epoch": 20, "loss": 0.24155503864089647, "score": 0.45696789602310595, "at_threshold": 0.997, "at_fa_per_hour": 0.560134394912486, "at_recall_clean": 0.3203732503888025, "at_recall_clean_real": 0.5510204081632653, "at_recall_channel": 0.10730948678071539, "at_recall_channel_real": 0.3877551020408163, "train_sec": 37.6, "eval_sec": 4.4}
{"epoch": 21, "loss": 0.24404458835721016, "score": 0.4300929158599676, "at_threshold": 0.998, "at_fa_per_hour": 0.560134394912486, "at_recall_clean": 0.2581648522550544, "at_recall_clean_real": 0.5306122448979592, "at_recall_channel": 0.0583203732503888, "at_recall_channel_real": 0.46938775510204084, "train_sec": 36.2, "eval_sec": 4.3}
{"epoch": 22, "loss": 0.23729079201817513, "score": 0.46983904370457363, "at_threshold": 0.995, "at_fa_per_hour": 0.0, "at_recall_clean": 0.30793157076205285, "at_recall_clean_real": 0.6938775510204082, "at_recall_channel": 0.09486780715396578, "at_recall_channel_real": 0.5102040816326531, "train_sec": 36.2, "eval_sec": 4.2}
{"epoch": 23, "loss": 0.23658619821071625, "score": 0.6034264211127687, "at_threshold": 0.981, "at_fa_per_hour": 0.560134394912486, "at_recall_clean": 0.6741835147744946, "at_recall_clean_real": 0.7346938775510204, "at_recall_channel": 0.3048211508553655, "at_recall_channel_real": 0.6122448979591837, "train_sec": 37.2, "eval_sec": 4.2}
{"epoch": 24, "loss": 0.23228829930226008, "score": 0.40467396134192407, "at_threshold": 0.995, "at_fa_per_hour": 0.0, "at_recall_clean": 0.28771384136858474, "at_recall_clean_real": 0.40816326530612246, "at_recall_channel": 0.08631415241057543, "at_recall_channel_real": 0.30612244897959184, "train_sec": 36.8, "eval_sec": 4.2}
{"epoch": 25, "loss": 0.23329835166533788, "score": 0.4238859618497477, "at_threshold": 0.998, "at_fa_per_hour": 0.560134394912486, "at_recall_clean": 0.37558320373250387, "at_recall_clean_real": 0.6122448979591837, "at_recall_channel": 0.09720062208398134, "at_recall_channel_real": 0.42857142857142855, "train_sec": 36.8, "eval_sec": 4.3}
{"epoch": 26, "loss": 0.22701218063632647, "score": 0.44097045894563114, "at_threshold": 0.997, "at_fa_per_hour": 0.560134394912486, "at_recall_clean": 0.4191290824261275, "at_recall_clean_real": 0.5714285714285714, "at_recall_channel": 0.1026438569206843, "at_recall_channel_real": 0.3877551020408163, "train_sec": 36.6, "eval_sec": 4.3}
{"epoch": 27, "loss": 0.22448695103327435, "score": 0.5169129082426127, "at_threshold": 0.998, "at_fa_per_hour": 0.0, "at_recall_clean": 0.447900466562986, "at_recall_clean_real": 0.6326530612244898, "at_recall_channel": 0.13063763608087092, "at_recall_channel_real": 0.40816326530612246, "train_sec": 35.9, "eval_sec": 4.2}
{"epoch": 28, "loss": 0.22271186818679173, "score": 0.4448237693211033, "at_threshold": 0.998, "at_fa_per_hour": 0.560134394912486, "at_recall_clean": 0.4152410575427683, "at_recall_clean_real": 0.5102040816326531, "at_recall_channel": 0.12441679626749612, "at_recall_channel_real": 0.3673469387755102, "train_sec": 37.4, "eval_sec": 4.2}
{"epoch": 29, "loss": 0.22362628708283105, "score": 0.5138143904529152, "at_threshold": 0.997, "at_fa_per_hour": 0.0, "at_recall_clean": 0.374805598755832, "at_recall_clean_real": 0.5510204081632653, "at_recall_channel": 0.11119751166407466, "at_recall_channel_real": 0.4489795918367347, "train_sec": 36.6, "eval_sec": 4.3}
{"epoch": 30, "loss": 0.2192192155122757, "score": 0.5039762989177008, "at_threshold": 0.998, "at_fa_per_hour": 0.560134394912486, "at_recall_clean": 0.3810264385692068, "at_recall_clean_real": 0.4897959183673469, "at_recall_channel": 0.1150855365474339, "at_recall_channel_real": 0.40816326530612246, "train_sec": 35.2, "eval_sec": 4.2}
{"epoch": 31, "loss": 0.2224601051211357, "score": 0.5198487637667819, "at_threshold": 0.998, "at_fa_per_hour": 0.0, "at_recall_clean": 0.34136858475894244, "at_recall_clean_real": 0.6530612244897959, "at_recall_channel": 0.09486780715396578, "at_recall_channel_real": 0.42857142857142855, "train_sec": 36.6, "eval_sec": 4.4}
{"epoch": 32, "loss": 0.21666365653276443, "score": 0.4730307947440251, "at_threshold": 0.998, "at_fa_per_hour": 0.0, "at_recall_clean": 0.2892690513219285, "at_recall_clean_real": 0.4897959183673469, "at_recall_channel": 0.07776049766718507, "at_recall_channel_real": 0.3877551020408163, "train_sec": 36.9, "eval_sec": 4.3}
{"epoch": 33, "loss": 0.21639173497756323, "score": 0.5173017107309488, "at_threshold": 0.997, "at_fa_per_hour": 0.560134394912486, "at_recall_clean": 0.45645412130637636, "at_recall_clean_real": 0.6122448979591837, "at_recall_channel": 0.14618973561430793, "at_recall_channel_real": 0.46938775510204084, "train_sec": 37.5, "eval_sec": 4.2}
early stop at 33 (best 0.6034 @ 23)
/home/docquityadmin/vcm-me2/scripts/train_wake.py:315: DeprecationWarning: You are using the legacy TorchScript-based ONNX export. Starting in PyTorch 2.9, the new torch.export-based ONNX exporter has become the default. Learn more about the new export logic: https://docs.pytorch.org/docs/stable/onnx_export.html. For exporting control flow: https://pytorch.org/tutorials/beginner/onnx/export_control_flow_model_to_onnx_tutorial.html
  torch.onnx.export(model, (dummy,), str(path), opset_version=17, input_names=["wav"], output_names=["logits"],
{
 "arch": "ds_cnn",
 "cfg": {
  "width": 64
 },
 "params": 25730,
 "best_epoch": 23,
 "score": 0.6034264211127687,
 "fa_budget_per_hour": 1.0,
 "threshold": 0.981,
 "at_threshold": {
  "threshold": 0.981,
  "fa_per_hour": 0.560134394912486,
  "recall_clean": 0.6741835147744946,
  "recall_clean_real": 0.7346938775510204,
  "recall_channel": 0.3048211508553655,
  "recall_channel_real": 0.6122448979591837
 },
 "recall_by_source": {
  "bench_takes": {
   "clean": 0.6666666666666666,
   "channel": 0.4444444444444444
  },
  "own_wake_old": {
   "clean": 0.75,
   "channel": 0.65
  },
  "piper": {
   "clean": 0.6693613581244947,
   "channel": 0.28940986257073564
  }
 },
 "tune_neg_hours": 1.7852858333333335,
 "onnx_max_abs_diff": 1.6689300537109375e-06
}
