conformer tier M: 294,246 params | device cuda | train 10733 test 4443 | aug heavy
ep   1 loss 3.9937 test select 0.0752 var-bal-acc 0.0771 real 0.0734 cmd 0.1731 slot 0.3625 oosFA 0.566 18.5s *
ep   2 loss 3.8117 test select 0.1022 var-bal-acc 0.1124 real 0.0919 cmd 0.2109 slot 0.4949 oosFA 0.842 16.3s *
ep   3 loss 3.5930 test select 0.2432 var-bal-acc 0.2574 real 0.2290 cmd 0.3705 slot 0.6619 oosFA 0.789 16.1s *
ep   4 loss 3.2339 test select 0.5121 var-bal-acc 0.5758 real 0.4484 cmd 0.6786 slot 0.7959 oosFA 0.895 15.8s *
ep   5 loss 2.8768 test select 0.5713 var-bal-acc 0.6330 real 0.5097 cmd 0.7254 slot 0.8148 oosFA 0.816 16.3s *
ep   6 loss 2.6652 test select 0.6341 var-bal-acc 0.7175 real 0.5507 cmd 0.7628 slot 0.8952 oosFA 0.763 15.8s *
ep   7 loss 2.5334 test select 0.7216 var-bal-acc 0.7917 real 0.6515 cmd 0.8305 slot 0.9180 oosFA 0.855 15.7s *
ep   8 loss 2.3672 test select 0.6784 var-bal-acc 0.7630 real 0.5937 cmd 0.8244 slot 0.8771 oosFA 0.671 15.8s
ep   9 loss 2.2858 test select 0.7440 var-bal-acc 0.8267 real 0.6613 cmd 0.8510 slot 0.9492 oosFA 0.289 16.4s *
ep  10 loss 2.1949 test select 0.7404 var-bal-acc 0.8219 real 0.6588 cmd 0.8670 slot 0.9098 oosFA 0.566 16.3s
ep  11 loss 2.1312 test select 0.8112 var-bal-acc 0.8887 real 0.7338 cmd 0.8996 slot 0.9673 oosFA 0.645 15.9s *
ep  12 loss 2.0864 test select 0.7826 var-bal-acc 0.8692 real 0.6960 cmd 0.8902 slot 0.9555 oosFA 0.487 16.0s
ep  13 loss 2.0037 test select 0.7926 var-bal-acc 0.8921 real 0.6932 cmd 0.9028 slot 0.9748 oosFA 0.408 15.9s
ep  14 loss 2.0000 test select 0.8135 var-bal-acc 0.8898 real 0.7373 cmd 0.9030 slot 0.9661 oosFA 0.500 15.9s *
ep  15 loss 1.9768 test select 0.8066 var-bal-acc 0.8894 real 0.7238 cmd 0.8978 slot 0.9791 oosFA 0.329 16.1s
ep  16 loss 1.9303 test select 0.8026 var-bal-acc 0.8875 real 0.7177 cmd 0.9016 slot 0.9669 oosFA 0.382 15.7s
ep  17 loss 1.9061 test select 0.8273 var-bal-acc 0.9039 real 0.7507 cmd 0.9118 slot 0.9803 oosFA 0.368 15.9s *
ep  18 loss 1.8455 test select 0.8352 var-bal-acc 0.9107 real 0.7596 cmd 0.9210 slot 0.9760 oosFA 0.368 15.6s *
ep  19 loss 1.8136 test select 0.8350 var-bal-acc 0.9210 real 0.7489 cmd 0.9253 slot 0.9870 oosFA 0.421 15.9s
ep  20 loss 1.8017 test select 0.8290 var-bal-acc 0.9140 real 0.7440 cmd 0.9190 slot 0.9838 oosFA 0.263 15.7s
ep  21 loss 1.7721 test select 0.8621 var-bal-acc 0.9261 real 0.7980 cmd 0.9291 slot 0.9870 oosFA 0.579 15.9s *
ep  22 loss 1.7558 test select 0.8613 var-bal-acc 0.9314 real 0.7911 cmd 0.9379 slot 0.9823 oosFA 0.447 16.5s
ep  23 loss 1.7355 test select 0.8612 var-bal-acc 0.9323 real 0.7901 cmd 0.9383 slot 0.9850 oosFA 0.316 15.9s
ep  24 loss 1.6770 test select 0.8605 var-bal-acc 0.9315 real 0.7895 cmd 0.9365 slot 0.9838 oosFA 0.368 15.4s
ep  25 loss 1.6856 test select 0.8750 var-bal-acc 0.9397 real 0.8102 cmd 0.9422 slot 0.9909 oosFA 0.263 15.8s *
ep  26 loss 1.6757 test select 0.8472 var-bal-acc 0.9248 real 0.7696 cmd 0.9289 slot 0.9866 oosFA 0.316 15.6s
ep  27 loss 1.6346 test select 0.8648 var-bal-acc 0.9368 real 0.7929 cmd 0.9404 slot 0.9894 oosFA 0.342 15.7s
ep  28 loss 1.6398 test select 0.8720 var-bal-acc 0.9384 real 0.8056 cmd 0.9417 slot 0.9874 oosFA 0.474 16.0s
ep  29 loss 1.5968 test select 0.8748 var-bal-acc 0.9375 real 0.8120 cmd 0.9419 slot 0.9866 oosFA 0.421 15.9s
ep  30 loss 1.5917 test select 0.8725 var-bal-acc 0.9421 real 0.8029 cmd 0.9446 slot 0.9909 oosFA 0.329 16.6s
ep  31 loss 1.5777 test select 0.8719 var-bal-acc 0.9417 real 0.8020 cmd 0.9424 slot 0.9929 oosFA 0.474 15.9s
ep  32 loss 1.5573 test select 0.8799 var-bal-acc 0.9472 real 0.8125 cmd 0.9482 slot 0.9925 oosFA 0.342 15.6s *
ep  33 loss 1.5347 test select 0.8801 var-bal-acc 0.9457 real 0.8144 cmd 0.9485 slot 0.9909 oosFA 0.355 15.8s *
ep  34 loss 1.5353 test select 0.8836 var-bal-acc 0.9476 real 0.8196 cmd 0.9516 slot 0.9874 oosFA 0.368 16.0s *
ep  35 loss 1.5320 test select 0.8888 var-bal-acc 0.9479 real 0.8297 cmd 0.9514 slot 0.9886 oosFA 0.368 15.6s *
ep  36 loss 1.4903 test select 0.8871 var-bal-acc 0.9491 real 0.8252 cmd 0.9516 slot 0.9917 oosFA 0.276 15.6s
ep  37 loss 1.4815 test select 0.8785 var-bal-acc 0.9478 real 0.8093 cmd 0.9507 slot 0.9921 oosFA 0.250 16.1s
ep  38 loss 1.4731 test select 0.8934 var-bal-acc 0.9509 real 0.8359 cmd 0.9527 slot 0.9921 oosFA 0.316 15.8s *
ep  39 loss 1.4592 test select 0.8977 var-bal-acc 0.9523 real 0.8430 cmd 0.9548 slot 0.9929 oosFA 0.250 15.8s *
ep  40 loss 1.4302 test select 0.8871 var-bal-acc 0.9530 real 0.8212 cmd 0.9545 slot 0.9941 oosFA 0.224 16.3s
ep  41 loss 1.4417 test select 0.8972 var-bal-acc 0.9541 real 0.8404 cmd 0.9557 slot 0.9929 oosFA 0.289 15.9s
ep  42 loss 1.4355 test select 0.8872 var-bal-acc 0.9477 real 0.8266 cmd 0.9507 slot 0.9901 oosFA 0.316 16.2s
stop: early_stop: train loss gain 1.624% < 2% over 3 epochs and test score 0.8872 < best 0.8977 (epoch 39) and < 0.8977 (3 epochs ago)
