matchbox tier M: 295,502 params | device cuda | train 10733 test 4443 | aug heavy
ep   1 loss 3.9440 test select 0.0378 var-bal-acc 0.0453 real 0.0303 cmd 0.1161 slot 0.3865 oosFA 0.553 16.2s *
ep   2 loss 3.6942 test select 0.2262 var-bal-acc 0.2395 real 0.2129 cmd 0.3457 slot 0.6131 oosFA 0.868 13.5s *
ep   3 loss 3.2240 test select 0.4418 var-bal-acc 0.4677 real 0.4160 cmd 0.5476 slot 0.7766 oosFA 0.961 13.3s *
ep   4 loss 2.8893 test select 0.5721 var-bal-acc 0.6270 real 0.5172 cmd 0.6802 slot 0.8842 oosFA 0.566 13.5s *
ep   5 loss 2.6641 test select 0.6305 var-bal-acc 0.7069 real 0.5540 cmd 0.7351 slot 0.9362 oosFA 0.645 13.4s *
ep   6 loss 2.5529 test select 0.7287 var-bal-acc 0.8065 real 0.6509 cmd 0.8199 slot 0.9586 oosFA 0.711 13.6s *
ep   7 loss 2.3810 test select 0.7427 var-bal-acc 0.8268 real 0.6586 cmd 0.8465 slot 0.9586 oosFA 0.553 14.1s *
ep   8 loss 2.3145 test select 0.7649 var-bal-acc 0.8530 real 0.6769 cmd 0.8724 slot 0.9571 oosFA 0.434 14.2s *
ep   9 loss 2.2283 test select 0.7797 var-bal-acc 0.8779 real 0.6814 cmd 0.8908 slot 0.9685 oosFA 0.474 14.0s *
ep  10 loss 2.1532 test select 0.7957 var-bal-acc 0.8922 real 0.6993 cmd 0.8996 slot 0.9815 oosFA 0.421 14.2s *
ep  11 loss 2.1071 test select 0.7904 var-bal-acc 0.8678 real 0.7129 cmd 0.8744 slot 0.9819 oosFA 0.526 13.6s
ep  12 loss 2.0409 test select 0.8028 var-bal-acc 0.8885 real 0.7170 cmd 0.8985 slot 0.9720 oosFA 0.500 14.7s *
ep  13 loss 2.0135 test select 0.8283 var-bal-acc 0.9061 real 0.7505 cmd 0.9100 slot 0.9815 oosFA 0.711 14.3s *
ep  14 loss 1.9975 test select 0.8300 var-bal-acc 0.9051 real 0.7549 cmd 0.9122 slot 0.9799 oosFA 0.684 14.0s *
ep  15 loss 1.9599 test select 0.8480 var-bal-acc 0.9237 real 0.7723 cmd 0.9284 slot 0.9862 oosFA 0.342 14.1s *
ep  16 loss 1.9110 test select 0.8585 var-bal-acc 0.9218 real 0.7952 cmd 0.9284 slot 0.9799 oosFA 0.711 14.3s *
ep  17 loss 1.8696 test select 0.8320 var-bal-acc 0.9152 real 0.7488 cmd 0.9219 slot 0.9838 oosFA 0.329 14.1s
ep  18 loss 1.8355 test select 0.8519 var-bal-acc 0.9212 real 0.7827 cmd 0.9253 slot 0.9850 oosFA 0.513 13.6s
ep  19 loss 1.8243 test select 0.8537 var-bal-acc 0.9247 real 0.7828 cmd 0.9291 slot 0.9862 oosFA 0.500 13.4s
ep  20 loss 1.8267 test select 0.8483 var-bal-acc 0.9285 real 0.7682 cmd 0.9323 slot 0.9882 oosFA 0.395 13.9s
ep  21 loss 1.7932 test select 0.8483 var-bal-acc 0.9206 real 0.7760 cmd 0.9251 slot 0.9866 oosFA 0.421 13.8s
ep  22 loss 1.7429 test select 0.8649 var-bal-acc 0.9320 real 0.7977 cmd 0.9356 slot 0.9890 oosFA 0.408 13.7s *
ep  23 loss 1.7317 test select 0.8544 var-bal-acc 0.9330 real 0.7757 cmd 0.9395 slot 0.9846 oosFA 0.342 13.5s
ep  24 loss 1.7263 test select 0.8688 var-bal-acc 0.9323 real 0.8053 cmd 0.9379 slot 0.9815 oosFA 0.618 13.6s *
ep  25 loss 1.7059 test select 0.8636 var-bal-acc 0.9351 real 0.7921 cmd 0.9404 slot 0.9846 oosFA 0.382 13.5s
ep  26 loss 1.6826 test select 0.8644 var-bal-acc 0.9361 real 0.7927 cmd 0.9383 slot 0.9882 oosFA 0.474 13.8s
ep  27 loss 1.6521 test select 0.8679 var-bal-acc 0.9372 real 0.7986 cmd 0.9386 slot 0.9913 oosFA 0.303 14.1s
ep  28 loss 1.6465 test select 0.8831 var-bal-acc 0.9454 real 0.8207 cmd 0.9473 slot 0.9882 oosFA 0.579 14.0s *
ep  29 loss 1.6173 test select 0.8772 var-bal-acc 0.9404 real 0.8140 cmd 0.9431 slot 0.9901 oosFA 0.500 13.9s
ep  30 loss 1.6259 test select 0.8816 var-bal-acc 0.9463 real 0.8168 cmd 0.9473 slot 0.9905 oosFA 0.513 13.5s
ep  31 loss 1.6218 test select 0.8713 var-bal-acc 0.9402 real 0.8025 cmd 0.9433 slot 0.9894 oosFA 0.368 13.5s
stop: early_stop: train loss gain 1.505% < 2% over 3 epochs and test score 0.8713 < best 0.8831 (epoch 28) and < 0.8831 (3 epochs ago)
